// Jest Snapshot v1, https://goo.gl/fbAQLP

exports[`generator range sequence seeded with 0, first ten values 1`] = `
Array [
  0,
  2,
  6,
  0,
  2,
  3,
  2,
  9,
  3,
  9,
]
`;

exports[`generator sequence seeded with 0, first ten values 1`] = `
Array [
  38,
  7719,
  21238,
  2437,
  8855,
  11797,
  8365,
  32285,
  10450,
  30612,
]
`;
